// Jest Snapshot v1, https://goo.gl/fbAQLP

exports[`TransactionInputForm renders correctly 1`] = `
.c0 {
  display: grid;
  justify-items: center;
  text-align: center;
  gap: 20px;
  padding: 20px;
}

.c1 {
  display: -webkit-box;
  display: -webkit-flex;
  display: -ms-flexbox;
  display: flex;
}

.c3 {
  display: block;
  width: 200px;
  height: auto;
  padding: 10px;
  background-color: lightgrey;
  -webkit-box-pack: grid-column-end;
  -webkit-justify-content: grid-column-end;
  -ms-flex-pack: grid-column-end;
  justify-content: grid-column-end;
}

.c2 {
  font-weight: bold;
}

<form
  className="c0"
  onSubmit={[Function]}
>
  <div
    className="c1"
  >
    <input
      id="transactionInput"
      name="transactionInput"
      onChange={[Function]}
      placeholder="Enter new Transaction"
    />
  </div>
  <label
    className="c2"
    htmlFor="transactionInput"
  >
    Euro
  </label>
  <button
    className="c3"
    type="submit"
  >
    Add Transaction
  </button>
</form>
`;
