// Jest Snapshot v1, https://goo.gl/fbAQLP

exports[`Lists all incoming Transactions renders correctly 1`] = `
<ul
  className="TransactionList__StyledList-bdppaf-0 hVTsTY"
>
  <li>
    <span
      className="Transaction__TimestampStyled-sc-19vhqkz-0 csJkxb"
    />
    <section
      className="Transaction__StyledTransaction-sc-19vhqkz-1 hzCdBo"
      onClick={[Function]}
    >
      <button
        className="DeleteButton__StyledButton-sc-1oppxh2-0 chFCo"
        onClick={[Function]}
      >
        <svg
          fill="grey"
          height="24"
          viewBox="0 0 24 24"
          width="24"
          xmlns="http://www.w3.org/2000/svg"
        >
          <path
            d="M0 0h24v24H0z"
            fill="none"
          />
          <path
            d="M6 19c0 1.1.9 2 2 2h8c1.1 0 2-.9 2-2V7H6v12zM19 4h-3.5l-1-1h-5l-1 1H5v2h14V4z"
          />
        </svg>
      </button>
      <button
        className="EditButton__StyledButton-sc-16bnle4-0 cNPUqq"
        onClick={[Function]}
      >
        <svg
          fill="grey"
          height="24"
          viewBox="0 0 24 24"
          width="24"
          xmlns="http://www.w3.org/2000/svg"
        >
          <path
            d="M0 0h24v24H0z"
            fill="none"
          />
          <path
            d="M3 17.25V21h3.75L17.81 9.94l-3.75-3.75L3 17.25zM20.71 7.04c.39-.39.39-1.02 0-1.41l-2.34-2.34c-.39-.39-1.02-.39-1.41 0l-1.83 1.83 3.75 3.75 1.83-1.83z"
          />
        </svg>
      </button>
      <span
        className="Transaction__TagContainer-sc-19vhqkz-2 dJnGTP"
      >
        <div
          className="Transaction__TagStyled-sc-19vhqkz-3 besgLy food"
        >
          food
        </div>
      </span>
      <span
        className="Transaction__ValueStyled-sc-19vhqkz-4 jlxGLV"
      >
        +€NaN
      </span>
    </section>
  </li>
</ul>
`;
