// Jest Snapshot v1, https://goo.gl/fbAQLP

exports[`ToggleSwitch renders correctly 1`] = `
<div>
  <div
    class="ToggleSwitch__ToggleWrapper-sc-5n388k-0 hVULVA"
  >
    <div
      class="ToggleSwitch__ToggleContainer-sc-5n388k-1 feDqFs"
    >
      <div
        class="ToggleSwitch__DialogueSlider-sc-5n388k-2 frtWhW"
      >
        Income
      </div>
    </div>
  </div>
</div>
`;
