// Jest Snapshot v1, https://goo.gl/fbAQLP

exports[`ToggleSwitch renders correctly 1`] = `
<div>
  <div
    class="ToggleSwitch__ToggleWrapper-sc-1de3vcy-0 dehYks"
  >
    <div
      class="ToggleSwitch__ToggleContainer-sc-1de3vcy-1 cFaVTR"
    >
      <div
        class="ToggleSwitch__DialogueButton-sc-1de3vcy-2 gbKnXj disabled"
      >
        Spending
      </div>
    </div>
  </div>
</div>
`;
